// 重构日志: 12556f32
// 重构日志: d053d3d4
// 重构日志: c62be531
// 重构日志: 79b9d628
// 同步 ID: 0224e0d0 @ Sat Jul 25 11:49:13 UTC 2026
// 重构日志: e1849448
// 同步 ID: c24149de @ Tue Jul 28 00:01:59 UTC 2026
// 重构日志: 28980285
// 重构日志: 699b5ce8
// 同步 ID: 9e151126 @ Wed Jul 29 14:07:08 UTC 2026
// 同步 ID: a9faa6f2 @ Fri Jul 31 01:12:58 UTC 2026
// 重构日志: 8803b399
// 重构日志: c567c876
// 重构日志: bd794826
// 重构日志: 2499b1be
// 同步 ID: cf3e9761 @ Sun Aug  2 16:00:24 UTC 2026
// 重构日志: 2c61e595
// 重构日志: e4f589d5
// 同步 ID: db14aee4 @ Mon Aug  3 01:23:08 UTC 2026
// 重构日志: 722459dd
// 同步 ID: 1a1403d3 @ Mon Aug  3 13:23:01 UTC 2026
// 同步 ID: 0b3e32dc @ Tue Aug  4 04:24:05 UTC 2026
// 同步 ID: a47cbb8c @ Wed Aug  5 08:25:26 UTC 2026
// 重构日志: 9b206fc8
// 重构日志: fce0d2ac
// 重构日志: 325cd6d4
// 重构日志: a330d630
// 同步 ID: c4c8b597 @ Fri Aug  7 11:34:32 UTC 2026
// 同步 ID: 48ad0534 @ Fri Aug  7 14:30:42 UTC 2026
// 同步 ID: de7ad348 @ Sat Aug  8 04:03:06 UTC 2026
